<html>
<body>
<pre>
<h1>µVision Build Log</h1>
<h2>Project:</h2>
D:\ARM_projektek\05 ADC DMA input _ KÉSZ\project.uvproj
Project File Date:  06/25/2014

<h2>Output:</h2>
Build target 'ADC_DMA'
compiling main.c...
assembling startup_stm32f4xx.s...
compiling stm32f4xx_periph.c...
compiling misc.c...
compiling stm32f4xx_it.c...
linking...
Program Size: Code=1692 RO-data=424 RW-data=44 ZI-data=2660  
".\project.axf" - 0 Error(s), 0 Warning(s).
Clean started: Project: 'project'
   deleting intermediate output files for target 'ADC_DMA'
</pre>
</body>
</html>
